
Cargando zona 'full' desde caché (instances) ...
  [info] Agrupando plantas candidatas con D_BAR_KK_KM = 0.6 km...
  [info] 46 plantas reducidas a 13 por agrupación.
  |I|=3111  |J|=76  |K|=10  |M|=4  |T|=48  |A_IJ|=4936  |A_JK|=128
  modelo en 18.1s: 975,169 vars (480 binarias), 622,572 restricciones
  solver: gurobi  (warmstart=sí)

  == fila mono-objetivo Z4 (VAN total, max) ==
    cadena Z4→Z2→Z3  (warm start: 144 binarias desde la referencia)
      paso 0 (Z4): optimal   Z4=      85,795.5  gap=0.01%    t=  212s
      paso 1 (Z2): timelimit Z2=     -88,826.4  gap=57.92%   t=  311s
      paso 2 (Z3): timelimit Z3=      24,711.4  gap=67.83%   t=  309s
    -> n_open=1  plantas=[8]  Z4=85,795  Z2=-88,826  Z3=24,711.4

  == fila mono-objetivo Z2 (GEI neto, min) ==
    cadena Z2→Z4→Z3  (warm start: 384 binarias desde la referencia)
      paso 0 (Z2): optimal   Z2=    -166,730.1  gap=0.37%    t=   22s
      paso 1 (Z4): timelimit Z4=    -330,170.2  gap=47.61%   t=  308s
      paso 2 (Z3): timelimit Z3=      47,180.0  gap=2.79%    t=  308s
    -> n_open=8  plantas=[1, 4, 7, 8, 9, 10, 12, 14]  Z4=-330,170  Z2=-166,730  Z3=47,180.0

  == fila mono-objetivo Z3 (cobertura social, max) ==
    cadena Z3→Z4→Z2  (warm start: 384 binarias desde la referencia)
      paso 0 (Z3): optimal   Z3=      72,962.7  gap=0.00%    t=   22s
      paso 1 (Z4): timelimit Z4=    -412,265.4  gap=5.90%    t=  309s
      paso 2 (Z2): optimal   Z2=      -9,566.7  gap=0.00%    t=  177s
    -> n_open=8  plantas=[1, 4, 7, 8, 9, 11, 12, 14]  Z4=-410,627  Z2=-9,567  Z3=72,597.9

  resultados → sensifull1\runs\price_0p70\monoobj_results.json
  CSV detallados → sensifull1\runs\price_0p70\detalle_csv/
