
Cargando zona 'full' desde caché (instances) ...
  [info] Agrupando plantas candidatas con D_BAR_KK_KM = 0.6 km...
  [info] 46 plantas reducidas a 13 por agrupación.
  [info] Plantas escaladas ×1.3: F_k ∈ [19,567, 396,318] EUR, Q̄^prod ∈ [447, 42,122] kg, big-M = 1,674,650
  |I|=3111  |J|=76  |K|=10  |M|=4  |T|=48  |A_IJ|=4936  |A_JK|=128
  modelo en 12.6s: 975,169 vars (480 binarias), 622,572 restricciones
  solver: gurobi  (warmstart=sí)

  == fila mono-objetivo Z4 (VAN total, max) ==
    cadena Z4→Z2→Z3  (warm start: 144 binarias desde la referencia)
      paso 0 (Z4): optimal   Z4=     196,774.3  gap=0.00%    t=  441s
      paso 1 (Z2): timelimit Z2=    -108,628.4  gap=25.73%   t=  607s
      paso 2 (Z3): timelimit Z3=      43,644.6  gap=7.99%    t=  607s
    -> n_open=3  plantas=[2, 7, 8]  Z4=196,774  Z2=-108,628  Z3=43,644.6

  == fila mono-objetivo Z2 (GEI neto, min) ==
    cadena Z2→Z4→Z3  (warm start: 384 binarias desde la referencia)
      paso 0 (Z2): optimal   Z2=    -167,343.2  gap=0.00%    t=   16s
      paso 1 (Z4): timelimit Z4=    -343,416.9  gap=20.02%   t=  607s
      paso 2 (Z3): optimal   Z3=      47,779.4  gap=0.49%    t=  262s
    -> n_open=8  plantas=[1, 4, 7, 8, 9, 11, 12, 14]  Z4=-343,417  Z2=-166,507  Z3=47,779.4

  == fila mono-objetivo Z3 (cobertura social, max) ==
    cadena Z3→Z4→Z2  (warm start: 384 binarias desde la referencia)
      paso 0 (Z3): optimal   Z3=      73,042.4  gap=0.00%    t=   17s
      paso 1 (Z4): timelimit Z4=    -351,879.6  gap=1.90%    t=  608s
      paso 2 (Z2): timelimit Z2=      -6,590.7  gap=29.38%   t=  613s
    -> n_open=8  plantas=[1, 4, 7, 8, 9, 10, 12, 14]  Z4=-351,880  Z2=-6,591  Z3=72,677.2

  resultados → sensifull1\runs\facility_1p30\monoobj_results.json
  CSV detallados → sensifull1\runs\facility_1p30\detalle_csv/
