
Cargando zona 'full' desde caché (instances) ...
  [info] Agrupando plantas candidatas con D_BAR_KK_KM = 0.6 km...
  [info] 46 plantas reducidas a 13 por agrupación.
  |I|=386  |J|=63  |K|=9  |M|=4  |T|=48  |A_IJ|=453  |A_JK|=109
  modelo en 2.7s: 110,497 vars (432 binarias), 95,291 restricciones
  solver: gurobi  (warmstart=sí)

  == fila mono-objetivo Z4 (VAN total, max) ==
    cadena Z4→Z2→Z3  (warm start: 144 binarias desde la referencia)
      paso 0 (Z4): optimal   Z4=      12,299.0  gap=0.23%    t=    6s
      paso 1 (Z2): optimal   Z2=     -10,010.6  gap=0.50%    t=    2s
      paso 2 (Z3): optimal   Z3=       4,893.0  gap=0.21%    t=    3s
    -> n_open=1  plantas=[8]  Z4=12,299  Z2=-10,011  Z3=4,893.0

  == fila mono-objetivo Z2 (GEI neto, min) ==
    cadena Z2→Z4→Z3  (warm start: 336 binarias desde la referencia)
      paso 0 (Z2): optimal   Z2=     -23,120.4  gap=0.00%    t=    2s
      paso 1 (Z4): optimal   Z4=    -445,899.8  gap=0.34%    t=   49s
      paso 2 (Z3): optimal   Z3=       6,736.7  gap=0.41%    t=   70s
    -> n_open=6  plantas=[1, 4, 7, 8, 12, 14]  Z4=-447,077  Z2=-23,005  Z3=6,736.7

  == fila mono-objetivo Z3 (cobertura social, max) ==
    cadena Z3→Z4→Z2  (warm start: 336 binarias desde la referencia)
      paso 0 (Z3): optimal   Z3=      12,737.7  gap=0.00%    t=    2s
      paso 1 (Z4): optimal   Z4=    -455,145.3  gap=0.21%    t=   10s
      paso 2 (Z2): optimal   Z2=      20,685.5  gap=0.37%    t=  158s
    -> n_open=6  plantas=[1, 4, 7, 8, 12, 14]  Z4=-456,313  Z2=20,686  Z3=12,674.0

  resultados → sensifull1\runs\catchment_0p10\monoobj_results.json
  CSV detallados → sensifull1\runs\catchment_0p10\detalle_csv/
